// Jest Snapshot v1, https://goo.gl/fbAQLP

exports[`Header should match the snapshot with all data passed in 1`] = `
<h1>
  Palette Picker
</h1>
`;
