// Jest Snapshot v1, https://goo.gl/fbAQLP

exports[`InstructionBox should match the snapshot with all data passed in 1`] = `
<div
  className="instruction-box"
/>
`;
