// Jest Snapshot v1, https://goo.gl/fbAQLP

exports[`Palettes should match the snapshot with all data passed in 1`] = `
<div
  className="palettes-container"
>
  <ConnectFunction
    id={0}
    key="0"
    name="New Palette"
    refreshSelectedPalette={[Function]}
  />
  <ConnectFunction
    name="Tom"
  />
</div>
`;
