// Jest Snapshot v1, https://goo.gl/fbAQLP

exports[`Loading should match the snapshot with all data passed in 1`] = `
<h2>
  Loading Saved 
  <br />
   Projects and Palettes...
</h2>
`;
